Archive member included to satisfy reference by file (symbol)

/usr/local/bin/../lib/gcc/arm-none-eabi/7.2.1/../../../../arm-none-eabi/lib/libc.a(lib_a-memcmp.o)
                              Main.o (memcmp)
/usr/local/bin/../lib/gcc/arm-none-eabi/7.2.1/../../../../arm-none-eabi/lib/libc.a(lib_a-memcpy-stub.o)
                              Files.o (memcpy)
/usr/local/bin/../lib/gcc/arm-none-eabi/7.2.1/../../../../arm-none-eabi/lib/libc.a(lib_a-memmove.o)
                              Menu.o (memmove)
/usr/local/bin/../lib/gcc/arm-none-eabi/7.2.1/../../../../arm-none-eabi/lib/libc.a(lib_a-memset.o)
                              Draw.o (memset)
/usr/local/bin/../lib/gcc/arm-none-eabi/7.2.1/../../../../arm-none-eabi/lib/libc.a(lib_a-strcpy.o)
                              Menu.o (strcpy)

Discarded input sections

 .text          0x0000000000000000        0x0 Calibrat.o
 .data          0x0000000000000000        0x0 Calibrat.o
 .bss           0x0000000000000000        0x0 Calibrat.o
 .text.ClearTop
                0x0000000000000000       0x28 Calibrat.o
 .text.Calibrat
                0x0000000000000000     0x1c80 Calibrat.o
 .bss.CalibrateMode
                0x0000000000000000        0x1 Calibrat.o
 .bss.PPM_Comp  0x0000000000000000        0x2 Calibrat.o
 .rodata.Calibrat.str1.4
                0x0000000000000000      0x3a1 Calibrat.o
 .rodata.CenterStep
                0x0000000000000000       0x20 Calibrat.o
 .rodata.CenterStr
                0x0000000000000000       0x3c Calibrat.o
 .rodata.ClockEntry
                0x0000000000000000       0xc3 Calibrat.o
 .rodata.VS_STR
                0x0000000000000000       0x60 Calibrat.o
 .rodata.V_UNIT1
                0x0000000000000000        0x8 Calibrat.o
 .comment       0x0000000000000000       0x7f Calibrat.o
 .ARM.attributes
                0x0000000000000000       0x33 Calibrat.o
 .text          0x0000000000000000        0x0 Draw.o
 .data          0x0000000000000000        0x0 Draw.o
 .bss           0x0000000000000000        0x0 Draw.o
 .text.Draw_Mark.constprop.7
                0x0000000000000000       0xcc Draw.o
 .text.Print_Str.constprop.14
                0x0000000000000000       0xc0 Draw.o
 .text.Get_TAB_8x11
                0x0000000000000000       0x14 Draw.o
 .text.Print_Str
                0x0000000000000000      0x114 Draw.o
 .text.PrintConfigName
                0x0000000000000000       0xc8 Draw.o
 .text.PrintText
                0x0000000000000000       0x6c Draw.o
 .text.Print_Str2
                0x0000000000000000      0x1a4 Draw.o
 .text.Draw_Mark
                0x0000000000000000      0x180 Draw.o
 .text.Update_Mark
                0x0000000000000000      0x3d4 Draw.o
 .text.Update_View_Area
                0x0000000000000000      0x304 Draw.o
 .text.Clear_Meter_Area
                0x0000000000000000       0x34 Draw.o
 .text.InitiateCharArrays
                0x0000000000000000       0x44 Draw.o
 .text.Uart     0x0000000000000000      0x580 Draw.o
 .text.LoadChars
                0x0000000000000000      0x5d8 Draw.o
 .text.IndexPosition
                0x0000000000000000       0x40 Draw.o
 .text.BitReadPosition
                0x0000000000000000      0x188 Draw.o
 .text.Spi      0x0000000000000000      0xb88 Draw.o
 .text.i2c      0x0000000000000000      0x4fc Draw.o
 .text.DisplayDbScale
                0x0000000000000000      0x580 Draw.o
 .text.LoadBuffer
                0x0000000000000000      0x304 Draw.o
 .text.Print_Str_Row
                0x0000000000000000       0xb8 Draw.o
 .text.DisplayDetFrqn.part.2
                0x0000000000000000      0x3b4 Draw.o
 .text.DisplayDetFrqn
                0x0000000000000000       0x54 Draw.o
 .text.SpiChart
                0x0000000000000000      0x1c4 Draw.o
 .text.PrintDir
                0x0000000000000000      0x3fc Draw.o
 .text.PrintUart
                0x0000000000000000     0x1658 Draw.o
 .text.DisplayFFtValues
                0x0000000000000000     0x1030 Draw.o
 .text.LoadFFTbuffer.part.3
                0x0000000000000000      0x2c0 Draw.o
 .text.LoadFFTbuffer
                0x0000000000000000      0x2f8 Draw.o
 .text.PrintUart.constprop.11
                0x0000000000000000      0x7c4 Draw.o
 .text.LoadXYBuffer
                0x0000000000000000      0x56c Draw.o
 .text.VernierMark
                0x0000000000000000       0x1c Draw.o
 .text.LoadBaseBuffers
                0x0000000000000000       0x78 Draw.o
 .text.TraceShadow
                0x0000000000000000       0x30 Draw.o
 .text.Base1    0x0000000000000000       0x38 Draw.o
 .text.ClearFFTbuffer
                0x0000000000000000       0x10 Draw.o
 .text.ScaleXposi
                0x0000000000000000       0x70 Draw.o
 .text.ClearScreenArea
                0x0000000000000000       0x40 Draw.o
 .text.NFreqParse
                0x0000000000000000       0x44 Draw.o
 .text.ColorIndexGen
                0x0000000000000000       0xb8 Draw.o
 .text.DrawPixel
                0x0000000000000000       0x14 Draw.o
 .text.DrawBase
                0x0000000000000000       0x24 Draw.o
 .text.UartLogic
                0x0000000000000000       0x30 Draw.o
 .text.i2cLogic
                0x0000000000000000       0x38 Draw.o
 .text.SpiLogic
                0x0000000000000000       0x38 Draw.o
 .text.UpdateMarkLogic
                0x0000000000000000       0x2c Draw.o
 .text.DisplayDeltaValues
                0x0000000000000000      0x814 Draw.o
 .text.DisplayCursorValues
                0x0000000000000000      0x96c Draw.o
 .text.Draw_Row
                0x0000000000000000     0x1d60 Draw.o
 .text.Draw_Window
                0x0000000000000000     0x1198 Draw.o
 .bss.ArrayIndex
                0x0000000000000000        0x1 Draw.o
 .bss.AscChar   0x0000000000000000       0x66 Draw.o
 .bss.AscCharB  0x0000000000000000       0x66 Draw.o
 .bss.Base2Buffer
                0x0000000000000000      0x192 Draw.o
 .bss.Base3Buffer
                0x0000000000000000      0x192 Draw.o
 .bss.Base4Buffer
                0x0000000000000000      0x192 Draw.o
 .bss.BaudRate  0x0000000000000000        0x4 Draw.o
 .bss.BitDuration
                0x0000000000000000        0x2 Draw.o
 .bss.ByteArray
                0x0000000000000000      0x300 Draw.o
 .bss.ClearPerst
                0x0000000000000000        0x1 Draw.o
 .bss.Count_FPS
                0x0000000000000000        0x2 Draw.o
 .bss.CursorDisplaySelect
                0x0000000000000000        0x1 Draw.o
 .bss.DataAdj   0x0000000000000000        0x1 Draw.o
 .bss.DbScaleStr
                0x0000000000000000        0x3 Draw.o
 .bss.DetFrqn   0x0000000000000000       0x18 Draw.o
 .bss.DigChLockout
                0x0000000000000000        0x1 Draw.o
 .bss.DisableCursorDisplay
                0x0000000000000000        0x1 Draw.o
 .bss.EnableCursorDisplay
                0x0000000000000000        0x1 Draw.o
 .bss.FactorX   0x0000000000000000        0x2 Draw.o
 .bss.FactorY   0x0000000000000000        0x2 Draw.o
 .bss.FactorY13
                0x0000000000000000        0x2 Draw.o
 .bss.FrameCount
                0x0000000000000000        0x1 Draw.o
 .bss.Hbold     0x0000000000000000        0x1 Draw.o
 .bss.HexChar   0x0000000000000000      0x126 Draw.o
 .bss.HexCharB  0x0000000000000000      0x126 Draw.o
 .bss.HexLookup
                0x0000000000000000        0x3 Draw.o
 .bss.LCD_Buffer
                0x0000000000000000      0x3c0 Draw.o
 .bss.ListBottom
                0x0000000000000000        0x1 Draw.o
 .bss.MAX_X     0x0000000000000000        0x2 Draw.o
 .bss.Nfreq     0x0000000000000000        0x9 Draw.o
 .bss.Nsuffix   0x0000000000000000        0x3 Draw.o
 .bss.OSBuffer  0x0000000000000000        0x1 Draw.o
 .bss.OffsetX   0x0000000000000000        0x1 Draw.o
 .bss.OffsetY   0x0000000000000000        0x1 Draw.o
 .bss.Parity    0x0000000000000000        0x1 Draw.o
 .bss.PerstFrameNumber
                0x0000000000000000        0x1 Draw.o
 .bss.PrevIPos.7351
                0x0000000000000000        0x2 Draw.o
 .bss.Raw       0x0000000000000000        0x1 Draw.o
 .bss.Rdiscard  0x0000000000000000        0x1 Draw.o
 .bss.Read.7306
                0x0000000000000000        0x1 Draw.o
 .bss.RowMem    0x0000000000000000        0x2 Draw.o
 .bss.RowMemPeak
                0x0000000000000000        0x2 Draw.o
 .bss.SkipFirstRow
                0x0000000000000000        0x1 Draw.o
 .bss.SpecLine  0x0000000000000000        0x1 Draw.o
 .bss.SpecMode  0x0000000000000000        0x1 Draw.o
 .bss.SpiAdj    0x0000000000000000        0x1 Draw.o
 .bss.SpiBitOrder
                0x0000000000000000        0x1 Draw.o
 .bss.SpiChartFlag
                0x0000000000000000        0x1 Draw.o
 .bss.SpiIdleSamples.7350
                0x0000000000000000        0x2 Draw.o
 .bss.SpiMode   0x0000000000000000        0x1 Draw.o
 .bss.Str1.7156
                0x0000000000000000        0xc Draw.o
 .bss.Tmp2      0x0000000000000000        0x4 Draw.o
 .bss.UpdateBackground
                0x0000000000000000        0x1 Draw.o
 .bss.UpdateScale
                0x0000000000000000        0x1 Draw.o
 .bss.ValidFrame
                0x0000000000000000        0x1 Draw.o
 .bss.WordEndFlag
                0x0000000000000000        0x1 Draw.o
 .bss.XYper     0x0000000000000000        0x1 Draw.o
 .bss.skip      0x0000000000000000        0x2 Draw.o
 .bss.xpos.7149
                0x0000000000000000        0x2 Draw.o
 .data.BytesPerWord.7307
                0x0000000000000000        0x1 Draw.o
 .data.COLOR_INDEX
                0x0000000000000000        0x2 Draw.o
 .data.ChartIndex
                0x0000000000000000        0x2 Draw.o
 .data.ClockPeriod
                0x0000000000000000        0x2 Draw.o
 .data.Color    0x0000000000000000       0x20 Draw.o
 .data.DataSize
                0x0000000000000000        0x1 Draw.o
 .data.FrameSize
                0x0000000000000000        0x1 Draw.o
 .data.InitXY   0x0000000000000000        0x1 Draw.o
 .data.Limit    0x0000000000000000        0x2 Draw.o
 .data.Mask     0x0000000000000000        0x1 Draw.o
 .data.PrintFlag.7148
                0x0000000000000000        0x1 Draw.o
 .data.SpecRow  0x0000000000000000        0x2 Draw.o
 .data.SpiNumBits
                0x0000000000000000        0x2 Draw.o
 .data.Start.7190
                0x0000000000000000        0x2 Draw.o
 .data.TcurDelta
                0x0000000000000000        0x2 Draw.o
 .data.V_Trigg  0x0000000000000000       0x10 Draw.o
 .data.XYLimit  0x0000000000000000        0x2 Draw.o
 .data.ypos.7150
                0x0000000000000000        0x1 Draw.o
 .rodata.Char_TAB_8x11
                0x0000000000000000      0x600 Draw.o
 .rodata.CursorTypeStr
                0x0000000000000000       0x14 Draw.o
 .rodata.DbScale
                0x0000000000000000       0x1d Draw.o
 .rodata.DetFrqAdj
                0x0000000000000000        0xa Draw.o
 .rodata.DisplayDbScale.str1.4
                0x0000000000000000        0x3 Draw.o
 .rodata.DisplayFFtValues.str1.4
                0x0000000000000000       0x1d Draw.o
 .rodata.Draw_Window.str1.4
                0x0000000000000000        0x4 Draw.o
 .rodata.FrameCountRef
                0x0000000000000000       0x2c Draw.o
 .rodata.Mark_TAB
                0x0000000000000000       0x23 Draw.o
 .rodata.Mark_TAB_1
                0x0000000000000000        0x7 Draw.o
 .rodata.Mark_TAB_2
                0x0000000000000000        0x7 Draw.o
 .rodata.Mark_TAB_3
                0x0000000000000000        0x7 Draw.o
 .rodata.Mark_TAB_4
                0x0000000000000000        0x7 Draw.o
 .rodata.Mark_TAB_T
                0x0000000000000000        0x7 Draw.o
 .rodata.PrintUart.str1.4
                0x0000000000000000        0x6 Draw.o
 .rodata.RULE_BASE
                0x0000000000000000       0x10 Draw.o
 .rodata.Update_View_Area.str1.4
                0x0000000000000000        0x2 Draw.o
 .comment       0x0000000000000000       0x7f Draw.o
 .ARM.attributes
                0x0000000000000000       0x33 Draw.o
 .text          0x0000000000000000        0x0 Files.o
 .data          0x0000000000000000        0x0 Files.o
 .bss           0x0000000000000000        0x0 Files.o
 .text.InitFileSystem.part.0
                0x0000000000000000       0x98 Files.o
 .text.save_parameter.part.3
                0x0000000000000000      0x214 Files.o
 .text.InitFileSystem
                0x0000000000000000       0xa0 Files.o
 .text.Print_Clk
                0x0000000000000000       0x34 Files.o
 .text.Make_Filename
                0x0000000000000000       0xc0 Files.o
 .text.Color_Num
                0x0000000000000000       0xe4 Files.o
 .text.Save_Img
                0x0000000000000000      0x184 Files.o
 .text.Load_Dat
                0x0000000000000000      0x120 Files.o
 .text.Save_Dat
                0x0000000000000000      0x1e8 Files.o
 .text.Load_Bmp
                0x0000000000000000      0x24c Files.o
 .text.WriteFileSec
                0x0000000000000000       0x28 Files.o
 .text.Load_Arbt
                0x0000000000000000      0x1e4 Files.o
 .text.ReadDir  0x0000000000000000      0x200 Files.o
 .text.DeleteFile
                0x0000000000000000      0x178 Files.o
 .text.Save_Bmp
                0x0000000000000000      0x994 Files.o
 .text.Save_Buf
                0x0000000000000000      0x46c Files.o
 .text.FileMessage
                0x0000000000000000       0xac Files.o
 .text.Load_Uart
                0x0000000000000000      0x218 Files.o
 .text.Load_Buf
                0x0000000000000000      0x3ac Files.o
 .text.save_parameter
                0x0000000000000000       0x18 Files.o
 .text.reset_parameter
                0x0000000000000000      0x23c Files.o
 .text.CSVdataModeLogic
                0x0000000000000000       0x48 Files.o
 .text.CSVdata  0x0000000000000000       0xb4 Files.o
 .text.Save_Csv
                0x0000000000000000     0x13e4 Files.o
 .text.Load_Param
                0x0000000000000000      0xf60 Files.o
 .text.Save_Param
                0x0000000000000000      0xfc0 Files.o
 .text.OverWriteWarn
                0x0000000000000000       0x98 Files.o
 .text.ProcessConfigName
                0x0000000000000000      0x1c4 Files.o
 .text.UpdateFileMenu
                0x0000000000000000       0x40 Files.o
 .rodata        0x0000000000000000       0x18 Files.o
 .bss.ArbtSampleNumber
                0x0000000000000000        0x2 Files.o
 .bss.BufferRestore
                0x0000000000000000        0x1 Files.o
 .bss.CSVposition
                0x0000000000000000        0x2 Files.o
 .bss.ConfigFileName
                0x0000000000000000        0x9 Files.o
 .bss.DirRange  0x0000000000000000        0x2 Files.o
 .bss.Edited    0x0000000000000000        0x1 Files.o
 .bss.FileBuff  0x0000000000000000      0x640 Files.o
 .bss.Label     0x0000000000000000       0xc3 Files.o
 .bss.SaveShortBuffXpos
                0x0000000000000000        0x1 Files.o
 .bss.SecBuff   0x0000000000000000     0x1000 Files.o
 .bss.SectorSize
                0x0000000000000000        0x2 Files.o
 .bss.SelectedFileName
                0x0000000000000000        0x9 Files.o
 .bss.TempPar   0x0000000000000000       0x94 Files.o
 .bss.UartFileSize
                0x0000000000000000        0x4 Files.o
 .bss.Versions  0x0000000000000000        0x1 Files.o
 .bss.flash_mode
                0x0000000000000000        0x1 Files.o
 .data.Ext      0x0000000000000000        0x4 Files.o
 .data.LastAccessedConfig
                0x0000000000000000        0x9 Files.o
 .data.RootStart
                0x0000000000000000        0x4 Files.o
 .data.RootStop
                0x0000000000000000        0x4 Files.o
 .rodata.AmplitudeSteps
                0x0000000000000000       0x30 Files.o
 .rodata.AmplitudeX10Steps
                0x0000000000000000       0x30 Files.o
 .rodata.BMP_Color
                0x0000000000000000       0x20 Files.o
 .rodata.BmpHead16
                0x0000000000000000       0x36 Files.o
 .rodata.BmpHead64
                0x0000000000000000       0x42 Files.o
 .rodata.Clk    0x0000000000000000        0x8 Files.o
 .rodata.DigSampling
                0x0000000000000000       0x30 Files.o
 .rodata.DiskDevInfo_8M
                0x0000000000000000        0xd Files.o
 .rodata.ErrorCode
                0x0000000000000000       0x1e Files.o
 .rodata.FatStart
                0x0000000000000000        0x4 Files.o
 .rodata.Load_Arbt.str1.4
                0x0000000000000000        0xc Files.o
 .rodata.Load_Dat.str1.4
                0x0000000000000000        0xc Files.o
 .rodata.Load_Param.str1.4
                0x0000000000000000        0xc Files.o
 .rodata.Load_Uart.str1.4
                0x0000000000000000        0xc Files.o
 .rodata.OSsampling
                0x0000000000000000       0x38 Files.o
 .rodata.Offset
                0x0000000000000000        0x5 Files.o
 .rodata.SPeriod
                0x0000000000000000        0x7 Files.o
 .rodata.Sampling
                0x0000000000000000       0x38 Files.o
 .rodata.SamplingPeriod
                0x0000000000000000       0xb0 Files.o
 .rodata.Save_Bmp.str1.4
                0x0000000000000000       0x22 Files.o
 .rodata.Save_Buf.str1.4
                0x0000000000000000        0xc Files.o
 .rodata.Save_Csv.str1.4
                0x0000000000000000        0xc Files.o
 .rodata.Save_Img.str1.4
                0x0000000000000000        0xc Files.o
 .rodata.SubSamplingPeriod
                0x0000000000000000       0x68 Files.o
 .comment       0x0000000000000000       0x7f Files.o
 .ARM.attributes
                0x0000000000000000       0x33 Files.o
 .text          0x0000000000000000        0x0 Function.o
 .data          0x0000000000000000        0x0 Function.o
 .bss           0x0000000000000000        0x0 Function.o
 .text.LoadNwave
                0x0000000000000000       0x54 Function.o
 .text.Power    0x0000000000000000       0x24 Function.o
 .text.Delayms  0x0000000000000000       0x14 Function.o
 .text.Int2Str  0x0000000000000000      0x524 Function.o
 .text.u8ToDec3
                0x0000000000000000       0x5c Function.o
 .text.u32ToDec7
                0x0000000000000000       0xbc Function.o
 .text.s8ToPercen
                0x0000000000000000       0x58 Function.o
 .text.u8ToDec2
                0x0000000000000000       0x3c Function.o
 .text.Char2Hex
                0x0000000000000000       0x20 Function.o
 .text.Word2Hex
                0x0000000000000000       0x94 Function.o
 .text.Int_sqrt
                0x0000000000000000      0x134 Function.o
 .text.Read_Keys
                0x0000000000000000      0x240 Function.o
 .text.s16ToDec3
                0x0000000000000000       0x5c Function.o
 .text.AsciiToU16
                0x0000000000000000       0x58 Function.o
 .text.s8ToDec2
                0x0000000000000000       0x5c Function.o
 .text.S32ToFloat3
                0x0000000000000000      0x114 Function.o
 .text.fix_fft  0x0000000000000000      0x174 Function.o
 .text.ProcessFileName
                0x0000000000000000      0x498 Function.o
 .bss.SetLowVolume
                0x0000000000000000        0x1 Function.o
 .bss.Sinewave  0x0000000000000000      0x300 Function.o
 .rodata.SineQuad
                0x0000000000000000      0x102 Function.o
 .comment       0x0000000000000000       0x7f Function.o
 .ARM.attributes
                0x0000000000000000       0x33 Function.o
 .text          0x0000000000000000        0x0 Interrupt.o
 .data          0x0000000000000000        0x0 Interrupt.o
 .bss           0x0000000000000000        0x0 Interrupt.o
 .text.NMIException
                0x0000000000000000        0x4 Interrupt.o
 .text.HardFaultException
                0x0000000000000000        0x4 Interrupt.o
 .text.MemManageException
                0x0000000000000000        0x4 Interrupt.o
 .text.BusFaultException
                0x0000000000000000        0x4 Interrupt.o
 .text.UsageFaultException
                0x0000000000000000        0x4 Interrupt.o
 .text.DebugMonitor
                0x0000000000000000        0x4 Interrupt.o
 .text.SVCHandler
                0x0000000000000000        0x4 Interrupt.o
 .text.PendSVC  0x0000000000000000        0x4 Interrupt.o
 .text.SysTickHandler
                0x0000000000000000        0x4 Interrupt.o
 .text.WWDG_IRQHandler
                0x0000000000000000        0x4 Interrupt.o
 .text.PVD_IRQHandler
                0x0000000000000000        0x4 Interrupt.o
 .text.TAMPER_IRQHandler
                0x0000000000000000        0x4 Interrupt.o
 .text.RTC_IRQHandler
                0x0000000000000000        0x4 Interrupt.o
 .text.FLASH_IRQHandler
                0x0000000000000000        0x4 Interrupt.o
 .text.RCC_IRQHandler
                0x0000000000000000        0x4 Interrupt.o
 .text.EXTI0_IRQHandler
                0x0000000000000000        0x4 Interrupt.o
 .text.EXTI1_IRQHandler
                0x0000000000000000        0x4 Interrupt.o
 .text.EXTI2_IRQHandler
                0x0000000000000000        0x4 Interrupt.o
 .text.EXTI3_IRQHandler
                0x0000000000000000        0x4 Interrupt.o
 .text.EXTI4_IRQHandler
                0x0000000000000000        0x4 Interrupt.o
 .text.DMA1_Channel1_IRQHandler
                0x0000000000000000        0x4 Interrupt.o
 .text.DMA1_Channel2_IRQHandler
                0x0000000000000000        0x4 Interrupt.o
 .text.DMA1_Channel3_IRQHandler
                0x0000000000000000        0x4 Interrupt.o
 .text.DMA1_Channel4_IRQHandler
                0x0000000000000000        0x4 Interrupt.o
 .text.DMA1_Channel5_IRQHandler
                0x0000000000000000        0x4 Interrupt.o
 .text.DMA1_Channel6_IRQHandler
                0x0000000000000000        0x4 Interrupt.o
 .text.DMA1_Channel7_IRQHandler
                0x0000000000000000        0x4 Interrupt.o
 .text.ADC1_2_IRQHandler
                0x0000000000000000        0x4 Interrupt.o
 .text.USB_HP_CAN_TX_IRQHandler
                0x0000000000000000        0x4 Interrupt.o
 .text.USB_LP_CAN_RX0_IRQHandler
                0x0000000000000000        0x4 Interrupt.o
 .text.CAN_RX1_IRQHandler
                0x0000000000000000        0x4 Interrupt.o
 .text.CAN_SCE_IRQHandler
                0x0000000000000000        0x4 Interrupt.o
 .text.EXTI9_5_IRQHandler
                0x0000000000000000        0x4 Interrupt.o
 .text.TIM1_BRK_IRQHandler
                0x0000000000000000        0x4 Interrupt.o
 .text.TIM1_UP_IRQHandler
                0x0000000000000000        0x4 Interrupt.o
 .text.TIM1_TRG_COM_IRQHandler
                0x0000000000000000        0x4 Interrupt.o
 .text.TIM1_CC_IRQHandler
                0x0000000000000000        0x4 Interrupt.o
 .text.TIM2_IRQHandler
                0x0000000000000000      0x58c Interrupt.o
 .text.TIM3_IRQHandler
                0x0000000000000000      0x254 Interrupt.o
 .text.TIM4_IRQHandler
                0x0000000000000000      0x248 Interrupt.o
 .text.I2C1_EV_IRQHandler
                0x0000000000000000        0x4 Interrupt.o
 .text.I2C1_ER_IRQHandler
                0x0000000000000000        0x4 Interrupt.o
 .text.I2C2_EV_IRQHandler
                0x0000000000000000        0x4 Interrupt.o
 .text.I2C2_ER_IRQHandler
                0x0000000000000000        0x4 Interrupt.o
 .text.SPI1_IRQHandler
                0x0000000000000000        0x4 Interrupt.o
 .text.SPI2_IRQHandler
                0x0000000000000000        0x4 Interrupt.o
 .text.USART1_IRQHandler
                0x0000000000000000        0x4 Interrupt.o
 .text.USART2_IRQHandler
                0x0000000000000000        0x4 Interrupt.o
 .text.USART3_IRQHandler
                0x0000000000000000        0x4 Interrupt.o
 .text.EXTI15_10_IRQHandler
                0x0000000000000000        0x4 Interrupt.o
 .text.RTCAlarm_IRQHandler
                0x0000000000000000        0x4 Interrupt.o
 .text.USBWakeUp_IRQHandler
                0x0000000000000000        0x4 Interrupt.o
 .text.TIM8_BRK_IRQHandler
                0x0000000000000000        0x4 Interrupt.o
 .text.TIM8_UP_IRQHandler
                0x0000000000000000        0x4 Interrupt.o
 .text.TIM8_TRG_COM_IRQHandler
                0x0000000000000000        0x4 Interrupt.o
 .text.TIM8_CC_IRQHandler
                0x0000000000000000        0x4 Interrupt.o
 .text.ADC3_IRQHandler
                0x0000000000000000        0x4 Interrupt.o
 .text.FSMC_IRQHandler
                0x0000000000000000        0x4 Interrupt.o
 .text.SDIO_IRQHandler
                0x0000000000000000        0x4 Interrupt.o
 .text.TIM5_IRQHandler
                0x0000000000000000        0x4 Interrupt.o
 .text.SPI3_IRQHandler
                0x0000000000000000        0x4 Interrupt.o
 .text.UART4_IRQHandler
                0x0000000000000000        0x4 Interrupt.o
 .text.UART5_IRQHandler
                0x0000000000000000        0x4 Interrupt.o
 .text.TIM6_IRQHandler
                0x0000000000000000        0x4 Interrupt.o
 .text.TIM7_IRQHandler
                0x0000000000000000        0x4 Interrupt.o
 .text.DMA2_Channel1_IRQHandler
                0x0000000000000000        0x4 Interrupt.o
 .text.DMA2_Channel2_IRQHandler
                0x0000000000000000        0x4 Interrupt.o
 .text.DMA2_Channel3_IRQHandler
                0x0000000000000000        0x4 Interrupt.o
 .text.DMA2_Channel4_5_IRQHandler
                0x0000000000000000        0x4 Interrupt.o
 .bss.AutoSetTimer
                0x0000000000000000        0x2 Interrupt.o
 .bss.Beep_mS   0x0000000000000000        0x2 Interrupt.o
 .bss.Blink     0x0000000000000000        0x1 Interrupt.o
 .bss.BurstLimit
                0x0000000000000000        0x1 Interrupt.o
 .bss.ClearStatus
                0x0000000000000000        0x1 Interrupt.o
 .bss.Cnt_20mS  0x0000000000000000        0x1 Interrupt.o
 .bss.Cnt_mS    0x0000000000000000        0x2 Interrupt.o
 .bss.ConfNameTimer
                0x0000000000000000        0x2 Interrupt.o
 .bss.CursorDisplayTimer
                0x0000000000000000        0x2 Interrupt.o
 .bss.Cursor_Cnt
                0x0000000000000000        0x1 Interrupt.o
 .bss.DelayLoopBreak
                0x0000000000000000        0x2 Interrupt.o
 .bss.Delay_Cnt
                0x0000000000000000        0x2 Interrupt.o
 .bss.FilterOut
                0x0000000000000000        0x2 Interrupt.o
 .bss.Key_Buffer
                0x0000000000000000        0x1 Interrupt.o
 .bss.Key_Mid_Speed
                0x0000000000000000        0x1 Interrupt.o
 .bss.Key_Repeat_Cnt
                0x0000000000000000        0x1 Interrupt.o
 .bss.Key_Status_Last
                0x0000000000000000        0x2 Interrupt.o
 .bss.Key_Wait_Cnt
                0x0000000000000000        0x1 Interrupt.o
 .bss.Light     0x0000000000000000        0x1 Interrupt.o
 .bss.LimitTransfer
                0x0000000000000000        0x4 Interrupt.o
 .bss.LoBeepLevel
                0x0000000000000000        0x1 Interrupt.o
 .bss.NoiseIP   0x0000000000000000       0xc8 Interrupt.o
 .bss.NotificationTimer
                0x0000000000000000        0x2 Interrupt.o
 .bss.PD_Cnt    0x0000000000000000        0x2 Interrupt.o
 .bss.PersHoldTimer
                0x0000000000000000        0x2 Interrupt.o
 .bss.Sec_Cnt   0x0000000000000000        0x2 Interrupt.o
 .bss.SecondsTick
                0x0000000000000000        0x2 Interrupt.o
 .bss.SeedIndex.6368
                0x0000000000000000        0x1 Interrupt.o
 .bss.SpecFrameCount
                0x0000000000000000        0x2 Interrupt.o
 .bss.SweepResetFlag
                0x0000000000000000        0x1 Interrupt.o
 .bss.ToneBurstCounter
                0x0000000000000000        0x2 Interrupt.o
 .bss.Twink     0x0000000000000000        0x1 Interrupt.o
 .bss.Wait_Cnt  0x0000000000000000        0x4 Interrupt.o
 .bss.index.6367
                0x0000000000000000        0x1 Interrupt.o
 .bss.tmp.6366  0x0000000000000000        0x4 Interrupt.o
 .data.FineAdjust
                0x0000000000000000        0x1 Interrupt.o
 .data.FineAdjustFactor
                0x0000000000000000       0x22 Interrupt.o
 .data.FineAdjustLimit
                0x0000000000000000        0x1 Interrupt.o
 .data.Tim2Factor
                0x0000000000000000        0x1 Interrupt.o
 .data.Volume   0x0000000000000000        0x1 Interrupt.o
 .comment       0x0000000000000000       0x7f Interrupt.o
 .ARM.attributes
                0x0000000000000000       0x33 Interrupt.o
 .text          0x0000000000000000        0x0 Main.o
 .data          0x0000000000000000        0x0 Main.o
 .bss           0x0000000000000000        0x0 Main.o
 .text.MeterDefaults.part.3
                0x0000000000000000      0x150 Main.o
 .text.PWMscaleReset.part.4
                0x0000000000000000      0x144 Main.o
 .text.CursorSpeedLogic.constprop.11
                0x0000000000000000       0x48 Main.o
 .text.MeterDefaults
                0x0000000000000000      0x15c Main.o
 .text.DisableMeter
                0x0000000000000000       0x88 Main.o
 .text.EnableMeter
                0x0000000000000000      0x2bc Main.o
 .text.EnableTitleMeters
                0x0000000000000000       0x80 Main.o
 .text.UpdateBigMeters
                0x0000000000000000       0xbc Main.o
 .text.UpdateMeterPage
                0x0000000000000000      0x35c Main.o
 .text.GetHoldoffIndPos
                0x0000000000000000       0x40 Main.o
 .text.EnableChannel
                0x0000000000000000       0x48 Main.o
 .text.UpdateTriggerMem
                0x0000000000000000       0x28 Main.o
 .text.SelUpdate
                0x0000000000000000       0x2c Main.o
 .text.TriggFlagUpdate
                0x0000000000000000       0x18 Main.o
 .text.MessageHandler
                0x0000000000000000       0x14 Main.o
 .text.CurDetailUpdate
                0x0000000000000000       0x30 Main.o
 .text.ChannelStatus
                0x0000000000000000       0x74 Main.o
 .text.MeterUpdate
                0x0000000000000000       0xe4 Main.o
 .text.TrigMemory
                0x0000000000000000       0x50 Main.o
 .text.BackLight
                0x0000000000000000       0x2c Main.o
 .text.PWMdutyControl
                0x0000000000000000       0x40 Main.o
 .text.PWMscaleReset
                0x0000000000000000      0x14c Main.o
 .text.SetIRQ2Priority
                0x0000000000000000       0x80 Main.o
 .text.BurstAdjust
                0x0000000000000000       0x68 Main.o
 .text.InitChart
                0x0000000000000000       0xc4 Main.o
 .text.Config_init
                0x0000000000000000      0x2e4 Main.o
 .text.ConfigFile
                0x0000000000000000      0x138 Main.o
 .text.ProcessEditName
                0x0000000000000000      0x998 Main.o
 .text.ResetEditList
                0x0000000000000000      0xa3c Main.o
 .text.CursorSpeedLogic
                0x0000000000000000       0x54 Main.o
 .text.UpdateFrameMode
                0x0000000000000000      0x180 Main.o
 .text.LeftToggleSpecialFunctions
                0x0000000000000000      0x48c Main.o
 .text.startup.main
                0x0000000000000000     0x8bcc Main.o
 .rodata        0x0000000000000000       0x18 Main.o
 .bss.ABTrigStatus
                0x0000000000000000        0x1 Main.o
 .bss.BTwinkState
                0x0000000000000000        0x1 Main.o
 .bss.ChStatus  0x0000000000000000        0x4 Main.o
 .bss.ClearDir  0x0000000000000000        0x1 Main.o
 .bss.FlagFrameMode
                0x0000000000000000        0x1 Main.o
 .bss.FlagMeter
                0x0000000000000000        0x1 Main.o
 .bss.LastSelected
                0x0000000000000000        0x1 Main.o
 .bss.MessageNumber
                0x0000000000000000        0x1 Main.o
 .bss.NVIC_InitStructure
                0x0000000000000000        0x4 Main.o
 .bss.OSStatus  0x0000000000000000        0x1 Main.o
 .bss.OldCurrent
                0x0000000000000000        0x1 Main.o
 .bss.OldDet    0x0000000000000000        0x1 Main.o
 .bss.OldFrame  0x0000000000000000        0x1 Main.o
 .bss.OldMeter  0x0000000000000000        0x1 Main.o
 .bss.OldPosX   0x0000000000000000        0x2 Main.o
 .bss.OldPosY   0x0000000000000000        0x2 Main.o
 .bss.OldTrack1X
                0x0000000000000000        0x2 Main.o
 .bss.OldTrack2X
                0x0000000000000000        0x2 Main.o
 .bss.PreviousTrigSelect
                0x0000000000000000        0x8 Main.o
 .bss.RefreshDisplay
                0x0000000000000000        0x1 Main.o
 .bss.SaveCurrent
                0x0000000000000000        0x2 Main.o
 .bss.SelectiveUpdate
                0x0000000000000000        0x1 Main.o
 .bss.ShortBuffXpos
                0x0000000000000000        0x1 Main.o
 .bss.ShowFFT   0x0000000000000000        0x1 Main.o
 .bss.Tmp       0x0000000000000000        0x4 Main.o
 .bss.TrgAuto   0x0000000000000000        0x1 Main.o
 .bss.TrgAutoOld
                0x0000000000000000        0x1 Main.o
 .bss.UpdateCount
                0x0000000000000000        0x1 Main.o
 .bss.UpdateFlag
                0x0000000000000000        0x1 Main.o
 .bss.XposFlag  0x0000000000000000        0x1 Main.o
 .bss.XposRef   0x0000000000000000        0x2 Main.o
 .bss._Vt1Old   0x0000000000000000        0x2 Main.o
 .bss._Vt2Old   0x0000000000000000        0x2 Main.o
 .data.C_Dmeter
                0x0000000000000000        0x8 Main.o
 .data.ChOnStatus
                0x0000000000000000        0x2 Main.o
 .data.DisplayChart
                0x0000000000000000       0x3c Main.o
 .data.Show     0x0000000000000000       0x40 Main.o
 .data.Timeout  0x0000000000000000        0x1 Main.o
 .data.UpdateMeter
                0x0000000000000000        0x1 Main.o
 .rodata.DisableSTR
                0x0000000000000000       0x25 Main.o
 .rodata.NoneStr
                0x0000000000000000        0xd Main.o
 .rodata.NoteTimer
                0x0000000000000000        0x6 Main.o
 .rodata.TrigReset
                0x0000000000000000       0x2c Main.o
 .rodata.main.str1.4
                0x0000000000000000       0xe6 Main.o
 .rodata.str1.4
                0x0000000000000000      0x4c8 Main.o
 .comment       0x0000000000000000       0x7f Main.o
 .ARM.attributes
                0x0000000000000000       0x33 Main.o
 .text          0x0000000000000000        0x0 Menu.o
 .data          0x0000000000000000        0x0 Menu.o
 .bss           0x0000000000000000        0x0 Menu.o
 .text.MeterChannelLogic.part.1
                0x0000000000000000       0x38 Menu.o
 .text.Display_Meter
                0x0000000000000000      0x108 Menu.o
 .text.Load_Attr
                0x0000000000000000       0x88 Menu.o
 .text.Update_Battery
                0x0000000000000000       0xe8 Menu.o
 .text.DisplayBigMeter
                0x0000000000000000      0x288 Menu.o
 .text.TimeScaleCorrection
                0x0000000000000000       0x60 Menu.o
 .text.UpScale  0x0000000000000000       0x78 Menu.o
 .text.CalculateTimeMeters
                0x0000000000000000      0x1f8 Menu.o
 .text.Period   0x0000000000000000       0xe8 Menu.o
 .text.ClockAdjust
                0x0000000000000000       0x4c Menu.o
 .text.MeterChannelLogic
                0x0000000000000000       0xb8 Menu.o
 .text.Display_Value
                0x0000000000000000      0xdec Menu.o
 .text.FFTlevel
                0x0000000000000000      0x180 Menu.o
 .text.TIM_2IRQControl
                0x0000000000000000      0x2dc Menu.o
 .text.OutputAdjust
                0x0000000000000000      0x21c Menu.o
 .text.DisplaySamples
                0x0000000000000000     0x13a4 Menu.o
 .text.GenTrigColor
                0x0000000000000000       0xb8 Menu.o
 .text.UpdatePWMDuty
                0x0000000000000000       0x70 Menu.o
 .text.SyncSweep
                0x0000000000000000      0x1a4 Menu.o
 .text.AlignTbaseSweep
                0x0000000000000000      0x1d4 Menu.o
 .text.DetStatusLogic
                0x0000000000000000       0x54 Menu.o
 .text.ChDetLogic
                0x0000000000000000       0x3c Menu.o
 .text.ChartLogic
                0x0000000000000000       0x28 Menu.o
 .text.ListLogic
                0x0000000000000000       0x18 Menu.o
 .text.EditListActive
                0x0000000000000000       0x30 Menu.o
 .text.UpdateEditBox
                0x0000000000000000       0x88 Menu.o
 .text.KpCompensation
                0x0000000000000000       0x64 Menu.o
 .text.CalculateTvernier
                0x0000000000000000      0x834 Menu.o
 .text.Display_Title
                0x0000000000000000      0xa54 Menu.o
 .text.ProcessCursorDisplayStr
                0x0000000000000000       0x24 Menu.o
 .text.CalculateVvernier
                0x0000000000000000      0x16c Menu.o
 .text.AutoSet  0x0000000000000000      0xa78 Menu.o
 .bss.Abase.7175
                0x0000000000000000        0x1 Menu.o
 .bss.AdjBeepLevel
                0x0000000000000000        0x1 Menu.o
 .bss.AdjustFlag.7177
                0x0000000000000000        0x1 Menu.o
 .bss.AmaxLimit.7171
                0x0000000000000000        0x1 Menu.o
 .bss.AminLimit.7180
                0x0000000000000000        0x2 Menu.o
 .bss.Asignal.7172
                0x0000000000000000        0x1 Menu.o
 .bss.AutoFFT   0x0000000000000000        0x1 Menu.o
 .bss.AutoSaveBuf
                0x0000000000000000        0x1 Menu.o
 .bss.AutoSaveSelect
                0x0000000000000000        0x1 Menu.o
 .bss.AutoSequence
                0x0000000000000000        0x1 Menu.o
 .bss.AutoSetFlag
                0x0000000000000000        0x1 Menu.o
 .bss.AutoTrigSelect
                0x0000000000000000        0x1 Menu.o
 .bss.AutoTrigStatus.7179
                0x0000000000000000        0x1 Menu.o
 .bss.BTwink    0x0000000000000000        0x1 Menu.o
 .bss.BaseStr   0x0000000000000000      0x12c Menu.o
 .bss.Bbase.7176
                0x0000000000000000        0x1 Menu.o
 .bss.BmaxLimit.7174
                0x0000000000000000        0x1 Menu.o
 .bss.BminLimit.7181
                0x0000000000000000        0x2 Menu.o
 .bss.Bsignal.7173
                0x0000000000000000        0x1 Menu.o
 .bss.CharIndex
                0x0000000000000000        0x1 Menu.o
 .bss.Cnt_Batt  0x0000000000000000        0x1 Menu.o
 .bss.Cnt_Charged
                0x0000000000000000        0x1 Menu.o
 .bss.Cnt_InCharge
                0x0000000000000000        0x1 Menu.o
 .bss.ConfigFileNumber
                0x0000000000000000        0x1 Menu.o
 .bss.Current   0x0000000000000000        0x1 Menu.o
 .bss.CurrentARR
                0x0000000000000000        0x2 Menu.o
 .bss.CursorDisplayStr
                0x0000000000000000        0xc Menu.o
 .bss.CursorDisplayStrH
                0x0000000000000000        0xc Menu.o
 .bss.CursorDisplayStrM
                0x0000000000000000        0xc Menu.o
 .bss.DETflag   0x0000000000000000        0x1 Menu.o
 .bss.Det       0x0000000000000000        0x1 Menu.o
 .bss.Detail    0x0000000000000000        0xe Menu.o
 .bss.DownConvertMode
                0x0000000000000000        0x1 Menu.o
 .bss.EnableMeterCalc
                0x0000000000000000        0x1 Menu.o
 .bss.FastDim   0x0000000000000000        0x1 Menu.o
 .bss.FastDimAdjust
                0x0000000000000000        0x1 Menu.o
 .bss.FlagInCharge
                0x0000000000000000        0x1 Menu.o
 .bss.GHa_Max   0x0000000000000000        0x2 Menu.o
 .bss.GHa_Min   0x0000000000000000        0x2 Menu.o
 .bss.GHb_Max   0x0000000000000000        0x2 Menu.o
 .bss.GHb_Min   0x0000000000000000        0x2 Menu.o
 .bss.Ga_Max    0x0000000000000000        0x2 Menu.o
 .bss.Ga_Min    0x0000000000000000        0x2 Menu.o
 .bss.Gb_Max    0x0000000000000000        0x2 Menu.o
 .bss.Gb_Min    0x0000000000000000        0x2 Menu.o
 .bss.GenAdjustMode
                0x0000000000000000        0x1 Menu.o
 .bss.GenBaudAdjSpeed
                0x0000000000000000        0x1 Menu.o
 .bss.GenFreqShift
                0x0000000000000000        0x1 Menu.o
 .bss.GenTrigColorFlag
                0x0000000000000000        0x1 Menu.o
 .bss.GenUartAdj
                0x0000000000000000        0x1 Menu.o
 .bss.GenUartCont
                0x0000000000000000        0x1 Menu.o
 .bss.GenUartStopBits
                0x0000000000000000        0x1 Menu.o
 .bss.HboldAdjust
                0x0000000000000000        0x1 Menu.o
 .bss.LastFreqReadout
                0x0000000000000000        0x4 Menu.o
 .bss.ListOverride
                0x0000000000000000        0x1 Menu.o
 .bss.MeterStatus
                0x0000000000000000        0x1 Menu.o
 .bss.MinBypass
                0x0000000000000000        0x1 Menu.o
 .bss.NSamples  0x0000000000000000        0x2 Menu.o
 .bss.N_UNIT    0x0000000000000000        0xc Menu.o
 .bss.Neg       0x0000000000000000        0x1 Menu.o
 .bss.NumStr    0x0000000000000000        0xc Menu.o
 .bss.OS_Range  0x0000000000000000        0x1 Menu.o
 .bss.OS_RateSelect
                0x0000000000000000        0x1 Menu.o
 .bss.OldCurDefTime
                0x0000000000000000        0x1 Menu.o
 .bss.OldMode   0x0000000000000000        0x1 Menu.o
 .bss.OldPosi   0x0000000000000000        0x2 Menu.o
 .bss.PWAdjustMode
                0x0000000000000000        0x1 Menu.o
 .bss.PrevGenTrigColorFlag.7084
                0x0000000000000000        0x1 Menu.o
 .bss.PrevShift
                0x0000000000000000        0x1 Menu.o
 .bss.Result_FPS
                0x0000000000000000        0x2 Menu.o
 .bss.ShiftDigits
                0x0000000000000000        0x1 Menu.o
 .bss.Sweep     0x0000000000000000        0x1 Menu.o
 .bss.T1Start   0x0000000000000000        0x1 Menu.o
 .bss.TNumStr   0x0000000000000000        0xc Menu.o
 .bss.VNumStr   0x0000000000000000        0xc Menu.o
 .bss.Vertical  0x0000000000000000       0x96 Menu.o
 .data.AtLevel.7182
                0x0000000000000000        0x2 Menu.o
 .data.BtLevel.7183
                0x0000000000000000        0x2 Menu.o
 .data.CH_A_STR
                0x0000000000000000       0x32 Menu.o
 .data.CH_B_STR
                0x0000000000000000       0x32 Menu.o
 .data.CharValue
                0x0000000000000000        0x1 Menu.o
 .data.EditChar
                0x0000000000000000       0x10 Menu.o
 .data.EnablePWM
                0x0000000000000000        0x1 Menu.o
 .data.GenBaudIndex
                0x0000000000000000        0x2 Menu.o
 .data.GenBaudRate
                0x0000000000000000        0x4 Menu.o
 .data.GenUartMode
                0x0000000000000000        0x1 Menu.o
 .data.Meter    0x0000000000000000       0x6c Menu.o
 .data.MinTresh
                0x0000000000000000        0x1 Menu.o
 .data.O_COLOR  0x0000000000000000        0x4 Menu.o
 .data.OldTbase.7091
                0x0000000000000000        0x1 Menu.o
 .data.RecurseLimit.7178
                0x0000000000000000        0x1 Menu.o
 .data.SweepIndex
                0x0000000000000000        0x1 Menu.o
 .data.SweepMod
                0x0000000000000000        0x1 Menu.o
 .data.SweepStep
                0x0000000000000000        0x1 Menu.o
 .data.Title    0x0000000000000000      0x410 Menu.o
 .data.Update   0x0000000000000000        0x1 Menu.o
 .data.x10      0x0000000000000000       0x30 Menu.o
 .rodata.BATT_STR
                0x0000000000000000       0x32 Menu.o
 .rodata.BL_Str
                0x0000000000000000        0x5 Menu.o
 .rodata.B_COLOR
                0x0000000000000000        0xa Menu.o
 .rodata.CH_C_STR
                0x0000000000000000       0x14 Menu.o
 .rodata.CH_D_STR
                0x0000000000000000       0xa0 Menu.o
 .rodata.CSWTCH.600
                0x0000000000000000        0x3 Menu.o
 .rodata.CSWTCH.601
                0x0000000000000000        0x3 Menu.o
 .rodata.DD_UNIT
                0x0000000000000000        0xf Menu.o
 .rodata.DELAY_STR
                0x0000000000000000        0x2 Menu.o
 .rodata.DELTA_T
                0x0000000000000000        0x8 Menu.o
 .rodata.DELTA_V
                0x0000000000000000       0x14 Menu.o
 .rodata.D_UNIT
                0x0000000000000000        0xf Menu.o
 .rodata.DisplaySamples.str1.4
                0x0000000000000000      0x262 Menu.o
 .rodata.Display_Title.str1.4
                0x0000000000000000       0x16 Menu.o
 .rodata.FFT_GAIN_STR
                0x0000000000000000       0x3c Menu.o
 .rodata.FFTlevel.str1.4
                0x0000000000000000       0x4a Menu.o
 .rodata.FO_STR
                0x0000000000000000       0xe6 Menu.o
 .rodata.FO_TYPE
                0x0000000000000000       0x5a Menu.o
 .rodata.F_EXT  0x0000000000000000       0x50 Menu.o
 .rodata.F_FUNC
                0x0000000000000000       0x16 Menu.o
 .rodata.F_INV  0x0000000000000000        0x2 Menu.o
 .rodata.F_UNIT
                0x0000000000000000        0xc Menu.o
 .rodata.F_UNITSUB
                0x0000000000000000        0xc Menu.o
 .rodata.GEN_UART_MODE_STR
                0x0000000000000000       0x18 Menu.o
 .rodata.H_UNIT
                0x0000000000000000        0xf Menu.o
 .rodata.METER  0x0000000000000000       0x3c Menu.o
 .rodata.MM_UNIT
                0x0000000000000000        0xf Menu.o
 .rodata.MODESTR
                0x0000000000000000       0x46 Menu.o
 .rodata.M_UNIT
                0x0000000000000000        0xf Menu.o
 .rodata.NO_DEF
                0x0000000000000000        0x1 Menu.o
 .rodata.NO_RANGE
                0x0000000000000000        0x1 Menu.o
 .rodata.OSrate
                0x0000000000000000       0x78 Menu.o
 .rodata.P_UNIT
                0x0000000000000000        0xc Menu.o
 .rodata.STATESTR
                0x0000000000000000       0x1e Menu.o
 .rodata.S_Inv  0x0000000000000000        0x6 Menu.o
 .rodata.S_UNIT
                0x0000000000000000        0xc Menu.o
 .rodata.SubStr
                0x0000000000000000       0x82 Menu.o
 .rodata.TIM2Speed
                0x0000000000000000        0xa Menu.o
 .rodata.TRIGSTR
                0x0000000000000000       0x32 Menu.o
 .rodata.TR_TYPE
                0x0000000000000000       0x5a Menu.o
 .rodata.T_COLOR
                0x0000000000000000        0x2 Menu.o
 .rodata.T_INV  0x0000000000000000        0x2 Menu.o
 .rodata.T_UNIT
                0x0000000000000000        0xc Menu.o
 .rodata.TrunkFactor
                0x0000000000000000        0x8 Menu.o
 .rodata.VERNIE1
                0x0000000000000000        0x5 Menu.o
 .rodata.VERNIE2
                0x0000000000000000        0x5 Menu.o
 .rodata.VERNIE3
                0x0000000000000000        0x5 Menu.o
 .rodata.VERNIE4
                0x0000000000000000        0x5 Menu.o
 .rodata.VT_STR
                0x0000000000000000        0x4 Menu.o
 .rodata.VV_UNIT
                0x0000000000000000        0xc Menu.o
 .rodata.V_COLOR
                0x0000000000000000        0x2 Menu.o
 .rodata.V_INV  0x0000000000000000        0x2 Menu.o
 .rodata.V_UNIT
                0x0000000000000000        0xc Menu.o
 .rodata.Vol_Str
                0x0000000000000000        0x5 Menu.o
 .rodata.X100TbaseScale
                0x0000000000000000        0xe Menu.o
 .rodata.XCOLOR
                0x0000000000000000        0x4 Menu.o
 .rodata.XPOSISTR
                0x0000000000000000        0x5 Menu.o
 .rodata.XY_CH_A_STR
                0x0000000000000000       0x32 Menu.o
 .rodata.XY_CH_B_STR
                0x0000000000000000       0x32 Menu.o
 .rodata.YCOUPLE
                0x0000000000000000       0x46 Menu.o
 .rodata.YCOUPLE_B
                0x0000000000000000       0x32 Menu.o
 .rodata.YPOSISTR
                0x0000000000000000        0x5 Menu.o
 .rodata.Y_COLOR
                0x0000000000000000        0xa Menu.o
 .rodata.Y_INV  0x0000000000000000        0xa Menu.o
 .comment       0x0000000000000000       0x7f Menu.o
 .ARM.attributes
                0x0000000000000000       0x33 Menu.o
 .text          0x0000000000000000        0x0 Process.o
 .data          0x0000000000000000        0x0 Process.o
 .bss           0x0000000000000000        0x0 Process.o
 .text.unlikely.ClearMinMax.part.2
                0x0000000000000000       0x44 Process.o
 .text.BackGround_Reset
                0x0000000000000000      0x358 Process.o
 .text.App_init
                0x0000000000000000      0x38c Process.o
 .text.ResetDMA2_Ch4Params
                0x0000000000000000       0x64 Process.o
 .text.CalculateArbtTimer
                0x0000000000000000       0xa8 Process.o
 .text.UpdateTLevels
                0x0000000000000000       0x78 Process.o
 .text.Send_Data
                0x0000000000000000      0x194 Process.o
 .text.get_bag_max_buf
                0x0000000000000000       0xe8 Process.o
 .text.Beeper   0x0000000000000000       0x2c Process.o
 .text.cleardatabuf
                0x0000000000000000      0x104 Process.o
 .text.TransferFIFO
                0x0000000000000000      0x488 Process.o
 .text.SetOffset
                0x0000000000000000       0x54 Process.o
 .text.BatLevelCompensation
                0x0000000000000000      0x27c Process.o
 .text.InterpolateS8
                0x0000000000000000       0x40 Process.o
 .text.InterpolateU16
                0x0000000000000000       0x40 Process.o
 .text.QError   0x0000000000000000      0x43c Process.o
 .text.QParam   0x0000000000000000      0x17c Process.o
 .text.Average  0x0000000000000000      0x400 Process.o
 .text.VRunAvg  0x0000000000000000       0x48 Process.o
 .text.RunAvg   0x0000000000000000       0x50 Process.o
 .text.ClearMinMax
                0x0000000000000000       0x88 Process.o
 .text.ClearHold
                0x0000000000000000       0x48 Process.o
 .text.ClearTrackBuff
                0x0000000000000000       0x64 Process.o
 .text.Log10Process
                0x0000000000000000       0x78 Process.o
 .text.WaveGen  0x0000000000000000      0x454 Process.o
 .text.WaveValue
                0x0000000000000000       0x64 Process.o
 .text.InitiateCalData
                0x0000000000000000      0x10c Process.o
 .text.InitiateOSBuffers
                0x0000000000000000       0x80 Process.o
 .text.RandomGen
                0x0000000000000000       0x20 Process.o
 .text.TriggerModeLogic
                0x0000000000000000       0x4c Process.o
 .text.OSBufferLogic
                0x0000000000000000       0x8c Process.o
 .text.GetXposRef
                0x0000000000000000       0x90 Process.o
 .text.GetXpos  0x0000000000000000       0x7c Process.o
 .text.SetTthreshold
                0x0000000000000000       0xe8 Process.o
 .text.Update_Trig
                0x0000000000000000      0x5a4 Process.o
 .text.Update_Base.part.7
                0x0000000000000000      0x258 Process.o
 .text.Update_Base
                0x0000000000000000       0x10 Process.o
 .text.FFTdownConvert
                0x0000000000000000      0x8b0 Process.o
 .text.ResetSum
                0x0000000000000000      0x1a4 Process.o
 .text.Process  0x0000000000000000     0x3c74 Process.o
 .text.ClearMeters
                0x0000000000000000       0x34 Process.o
 .text.Update_Output
                0x0000000000000000      0x790 Process.o
 .text.Update_Range
                0x0000000000000000      0x1bc Process.o
 .text.AlternateChannel
                0x0000000000000000      0x508 Process.o
 .text.UpdateCursorMeter
                0x0000000000000000      0x11c Process.o
 .text.CursorDisplaySelectLogic
                0x0000000000000000       0xe0 Process.o
 .text.Synchro  0x0000000000000000      0xa68 Process.o
 .text.DownConvertRestore
                0x0000000000000000       0x8c Process.o
 .bss.ARBT_ARR  0x0000000000000000        0x2 Process.o
 .bss.ATT_DATA  0x0000000000000000      0x5a0 Process.o
 .bss.A_Posi    0x0000000000000000        0x2 Process.o
 .bss.AdjBase.6524
                0x0000000000000000        0x4 Process.o
 .bss.AdjDivisor.6520
                0x0000000000000000        0x4 Process.o
 .bss.AltHoldoff
                0x0000000000000000        0x2 Process.o
 .bss.AutoTrigIni
                0x0000000000000000        0x1 Process.o
 .bss.B_Posi    0x0000000000000000        0x2 Process.o
 .bss.BailoutFlag
                0x0000000000000000        0x1 Process.o
 .bss.Base.6521
                0x0000000000000000        0x4 Process.o
 .bss.BaseFreqStr
                0x0000000000000000        0xc Process.o
 .bss.BitMask   0x0000000000000000        0x4 Process.o
 .bss.CalFlag   0x0000000000000000        0x1 Process.o
 .bss.ChartMode
                0x0000000000000000        0x1 Process.o
 .bss.ChartSampleCounter.6831
                0x0000000000000000        0x2 Process.o
 .bss.ClearHoldFlag
                0x0000000000000000        0x1 Process.o
 .bss.ClearLeadingEdge
                0x0000000000000000        0x1 Process.o
 .bss.ClearMeterAreaFlag
                0x0000000000000000        0x1 Process.o
 .bss.CountUnread
                0x0000000000000000        0x2 Process.o
 .bss.Counter.6825
                0x0000000000000000        0x1 Process.o
 .bss.CurDefTime
                0x0000000000000000        0x1 Process.o
 .bss.DCbase    0x0000000000000000        0x1 Process.o
 .bss.DCframe   0x0000000000000000        0x1 Process.o
 .bss.DCmeter   0x0000000000000000        0x1 Process.o
 .bss.DCmode    0x0000000000000000        0x1 Process.o
 .bss.DCt1      0x0000000000000000        0x2 Process.o
 .bss.DataBuf   0x0000000000000000     0x4000 Process.o
 .bss.DisableCursorTimer
                0x0000000000000000        0x1 Process.o
 .bss.Divisor.6518
                0x0000000000000000        0x4 Process.o
 .bss.DownConvert
                0x0000000000000000        0x2 Process.o
 .bss.DownConvertInitiate
                0x0000000000000000        0x1 Process.o
 .bss.DownConvertShiftEnable
                0x0000000000000000        0x1 Process.o
 .bss.EnableFFT
                0x0000000000000000        0x1 Process.o
 .bss.ErrorFlag
                0x0000000000000000        0x1 Process.o
 .bss.FFTGain   0x0000000000000000        0x1 Process.o
 .bss.FFTScale  0x0000000000000000        0x4 Process.o
 .bss.FFTflag   0x0000000000000000        0x1 Process.o
 .bss.FFTorderADJ.6525
                0x0000000000000000        0x2 Process.o
 .bss.FFTt1Mode
                0x0000000000000000        0x1 Process.o
 .bss.FPGA_OS_Size
                0x0000000000000000        0x2 Process.o
 .bss.FPGAosFlag
                0x0000000000000000        0x1 Process.o
 .bss.FPGAsubVer
                0x0000000000000000        0x1 Process.o
 .bss.FPGAver   0x0000000000000000        0x1 Process.o
 .bss.FirstA_Mid
                0x0000000000000000        0x1 Process.o
 .bss.FirstB_Mid
                0x0000000000000000        0x1 Process.o
 .bss.FrameEndFlag
                0x0000000000000000        0x1 Process.o
 .bss.FrameMode
                0x0000000000000000        0x1 Process.o
 .bss.FreeRunOffStatus.6770
                0x0000000000000000        0x1 Process.o
 .bss.FreqDivStr
                0x0000000000000000        0xc Process.o
 .bss.FreqIN    0x0000000000000000        0x4 Process.o
 .bss.FreqScaleShift
                0x0000000000000000        0x1 Process.o
 .bss.FreqT1Str
                0x0000000000000000        0xc Process.o
 .bss.Fsamp.6522
                0x0000000000000000        0x4 Process.o
 .bss.G_Attr    0x0000000000000000        0x4 Process.o
 .bss.HKa1      0x0000000000000000        0xa Process.o
 .bss.HKa2      0x0000000000000000       0x14 Process.o
 .bss.HKa3      0x0000000000000000        0xa Process.o
 .bss.HKb1      0x0000000000000000        0xa Process.o
 .bss.HKb2      0x0000000000000000       0x14 Process.o
 .bss.HKb3      0x0000000000000000        0xa Process.o
 .bss.HardwareVersion
                0x0000000000000000        0x1 Process.o
 .bss.HiBatLevel
                0x0000000000000000        0x4 Process.o
 .bss.HoldOnNext
                0x0000000000000000        0x1 Process.o
 .bss.HoldResetFlag
                0x0000000000000000        0x1 Process.o
 .bss.InitiateNoise
                0x0000000000000000        0x1 Process.o
 .bss.InitiateUartGen
                0x0000000000000000        0x1 Process.o
 .bss.InvertA   0x0000000000000000        0x1 Process.o
 .bss.InvertB   0x0000000000000000        0x1 Process.o
 .bss.JumpCnt   0x0000000000000000        0x2 Process.o
 .bss.Ka1       0x0000000000000000        0xa Process.o
 .bss.Ka2       0x0000000000000000       0x14 Process.o
 .bss.Ka3       0x0000000000000000        0xa Process.o
 .bss.Kb1       0x0000000000000000        0xa Process.o
 .bss.Kb2       0x0000000000000000       0x14 Process.o
 .bss.Kb3       0x0000000000000000        0xa Process.o
 .bss.LKa1      0x0000000000000000        0xa Process.o
 .bss.LKa2      0x0000000000000000       0x14 Process.o
 .bss.LKa3      0x0000000000000000        0xa Process.o
 .bss.LKb1      0x0000000000000000        0xa Process.o
 .bss.LKb2      0x0000000000000000       0x14 Process.o
 .bss.LKb3      0x0000000000000000        0xa Process.o
 .bss.LastA_Mid
                0x0000000000000000        0x1 Process.o
 .bss.LastB_Mid
                0x0000000000000000        0x1 Process.o
 .bss.LfreqPeriod
                0x0000000000000000        0x4 Process.o
 .bss.LoBatLevel
                0x0000000000000000        0x4 Process.o
 .bss.NAvg      0x0000000000000000        0x8 Process.o
 .bss.NFreq     0x0000000000000000        0x4 Process.o
 .bss.NFreqStr  0x0000000000000000        0xc Process.o
 .bss.OSAvg     0x0000000000000000        0x1 Process.o
 .bss.OffsetSelect
                0x0000000000000000        0x1 Process.o
 .bss.OldShift  0x0000000000000000        0x1 Process.o
 .bss.Options   0x0000000000000000        0x1 Process.o
 .bss.OsBufferLogicFlag
                0x0000000000000000        0x1 Process.o
 .bss.OsChartFlag
                0x0000000000000000        0x1 Process.o
 .bss.OsFFTData
                0x0000000000000000      0x578 Process.o
 .bss.OsTransferCompleteFlag
                0x0000000000000000        0x1 Process.o
 .bss.PaS       0x0000000000000000        0x2 Process.o
 .bss.PbS       0x0000000000000000        0x2 Process.o
 .bss.PcS       0x0000000000000000        0x2 Process.o
 .bss.PdS       0x0000000000000000        0x2 Process.o
 .bss.PeakFreq  0x0000000000000000        0x2 Process.o
 .bss.PeakFreqStr
                0x0000000000000000        0xc Process.o
 .bss.Posi_41   0x0000000000000000        0x2 Process.o
 .bss.Posi_412  0x0000000000000000        0x2 Process.o
 .bss.Posi_41_2
                0x0000000000000000        0x2 Process.o
 .bss.Posi_42   0x0000000000000000        0x2 Process.o
 .bss.Posi_4F1  0x0000000000000000        0x2 Process.o
 .bss.Posi_4F2  0x0000000000000000        0x2 Process.o
 .bss.Posi_4F3  0x0000000000000000        0x2 Process.o
 .bss.Posi_4F4  0x0000000000000000        0x2 Process.o
 .bss.Posi_4_2  0x0000000000000000        0x2 Process.o
 .bss.PrecisionLevel
                0x0000000000000000        0x2 Process.o
 .bss.PrevBatLevel
                0x0000000000000000        0x2 Process.o
 .bss.PxS       0x0000000000000000       0x10 Process.o
 .bss.QEnd      0x0000000000000000        0x4 Process.o
 .bss.QStart    0x0000000000000000        0x4 Process.o
 .bss.RMSdata   0x0000000000000000      0x578 Process.o
 .bss.RefFreq.6523
                0x0000000000000000        0x4 Process.o
 .bss.ResetEnableFFT
                0x0000000000000000        0x1 Process.o
 .bss.ResetFlag
                0x0000000000000000        0x1 Process.o
 .bss.ReverseBitMask
                0x0000000000000000        0x4 Process.o
 .bss.SerialStatus
                0x0000000000000000        0x1 Process.o
 .bss.SlowModeSkip
                0x0000000000000000        0x1 Process.o
 .bss.StartUart
                0x0000000000000000        0x1 Process.o
 .bss.SubIndex  0x0000000000000000        0x1 Process.o
 .bss.Sum       0x0000000000000000       0x10 Process.o
 .bss.SumResetFlag
                0x0000000000000000        0x1 Process.o
 .bss.T_Attr    0x0000000000000000        0x4 Process.o
 .bss.TaN       0x0000000000000000        0x2 Process.o
 .bss.TaS       0x0000000000000000        0x2 Process.o
 .bss.TbN       0x0000000000000000        0x2 Process.o
 .bss.TbS       0x0000000000000000        0x2 Process.o
 .bss.TcN       0x0000000000000000        0x2 Process.o
 .bss.TcS       0x0000000000000000        0x2 Process.o
 .bss.TdN       0x0000000000000000        0x2 Process.o
 .bss.TdS       0x0000000000000000        0x2 Process.o
 .bss.TmpA.6823
                0x0000000000000000        0x2 Process.o
 .bss.TmpB.6824
                0x0000000000000000        0x2 Process.o
 .bss.ToggleName
                0x0000000000000000        0x1 Process.o
 .bss.TrackBuff
                0x0000000000000000      0x634 Process.o
 .bss.TriggerType
                0x0000000000000000        0x1 Process.o
 .bss.TxN       0x0000000000000000       0x10 Process.o
 .bss.TxS       0x0000000000000000       0x10 Process.o
 .bss.UTmp      0x0000000000000000        0x4 Process.o
 .bss.VDiff     0x0000000000000000        0x4 Process.o
 .bss.VNAvg     0x0000000000000000        0x4 Process.o
 .bss.VxAvg     0x0000000000000000        0x8 Process.o
 .bss.VxSsq     0x0000000000000000        0x8 Process.o
 .bss.WaitForTrigFlag
                0x0000000000000000        0x1 Process.o
 .bss.Waste     0x0000000000000000        0x4 Process.o
 .bss.WindowPosition
                0x0000000000000000        0x2 Process.o
 .bss.WindowShiftFactor.6519
                0x0000000000000000        0x4 Process.o
 .bss.X_Attr    0x0000000000000000        0x4 Process.o
 .bss.Xtend     0x0000000000000000        0x2 Process.o
 .bss.Y_Attr    0x0000000000000000        0x4 Process.o
 .bss.aT_Max    0x0000000000000000        0x2 Process.o
 .bss.aT_Min    0x0000000000000000        0x2 Process.o
 .bss.a_Avg     0x0000000000000000        0x4 Process.o
 .bss.a_Max     0x0000000000000000        0x2 Process.o
 .bss.a_Mid_H   0x0000000000000000        0x2 Process.o
 .bss.a_Mid_L   0x0000000000000000        0x2 Process.o
 .bss.a_Min     0x0000000000000000        0x2 Process.o
 .bss.a_Ssq     0x0000000000000000        0x4 Process.o
 .bss.bT_Max    0x0000000000000000        0x2 Process.o
 .bss.bT_Min    0x0000000000000000        0x2 Process.o
 .bss.b_Avg     0x0000000000000000        0x4 Process.o
 .bss.b_Max     0x0000000000000000        0x2 Process.o
 .bss.b_Mid_H   0x0000000000000000        0x2 Process.o
 .bss.b_Mid_L   0x0000000000000000        0x2 Process.o
 .bss.b_Min     0x0000000000000000        0x2 Process.o
 .bss.b_Ssq     0x0000000000000000        0x4 Process.o
 .bss.c_Max     0x0000000000000000        0x2 Process.o
 .bss.d_Max     0x0000000000000000        0x2 Process.o
 .bss.discard   0x0000000000000000        0x1 Process.o
 .bss.entryflag
                0x0000000000000000        0x1 Process.o
 .bss.exitflag  0x0000000000000000        0x1 Process.o
 .bss.fi        0x0000000000000000      0x800 Process.o
 .bss.fr        0x0000000000000000      0x800 Process.o
 .bss.freerun   0x0000000000000000        0x1 Process.o
 .bss.hiA.6829  0x0000000000000000        0x1 Process.o
 .bss.hiB.6830  0x0000000000000000        0x2 Process.o
 .bss.i.6526    0x0000000000000000        0x1 Process.o
 .bss.imax      0x0000000000000000        0x4 Process.o
 .data.ADCoffset
                0x0000000000000000        0x1 Process.o
 .data.BufferSize
                0x0000000000000000        0x2 Process.o
 .data.Ch1TLevel
                0x0000000000000000        0x2 Process.o
 .data.Ch2TLevel
                0x0000000000000000        0x2 Process.o
 .data.D_Tab    0x0000000000000000       0x5c Process.o
 .data.EnablePaS
                0x0000000000000000        0x1 Process.o
 .data.FastMode
                0x0000000000000000        0x1 Process.o
 .data.Filter   0x0000000000000000        0x1 Process.o
 .data.FreeRunEnable
                0x0000000000000000        0x1 Process.o
 .data.InvTrig  0x0000000000000000        0x8 Process.o
 .data.JComp    0x0000000000000000        0x1 Process.o
 .data.M_Factor
                0x0000000000000000        0x1 Process.o
 .data.Normal   0x0000000000000000        0x1 Process.o
 .data.PrevKind
                0x0000000000000000        0x1 Process.o
 .data.PrevSource
                0x0000000000000000        0x1 Process.o
 .data.PrevSweepIndex
                0x0000000000000000        0x1 Process.o
 .data.ScalingOffset
                0x0000000000000000        0x1 Process.o
 .data.ScrollFlag
                0x0000000000000000        0x1 Process.o
 .data.StartOffset
                0x0000000000000000        0x1 Process.o
 .data.TempKp1  0x0000000000000000        0x2 Process.o
 .data.Tmp.6995
                0x0000000000000000        0x4 Process.o
 .data.TrigSourceEnable
                0x0000000000000000        0x2 Process.o
 .data.USART1_DR
                0x0000000000000000        0x4 Process.o
 .data.bag_max_buf
                0x0000000000000000        0x2 Process.o
 .data.loA.6827
                0x0000000000000000        0x4 Process.o
 .data.loB.6828
                0x0000000000000000        0x4 Process.o
 .rodata.A_Freq
                0x0000000000000000       0x48 Process.o
 .rodata.A_Tab  0x0000000000000000       0x22 Process.o
 .rodata.AltDelay
                0x0000000000000000       0x2a Process.o
 .rodata.DIGI_DATA
                0x0000000000000000        0x4 Process.o
 .rodata.FPGA_TbaseOS
                0x0000000000000000       0xa0 Process.o
 .rodata.Log10Mant
                0x0000000000000000       0x64 Process.o
 .rodata.SIN_QUAD
                0x0000000000000000      0x16a Process.o
 .rodata.ScaleIndex
                0x0000000000000000       0x11 Process.o
 .rodata.Sine100K
                0x0000000000000000       0x24 Process.o
 .rodata.Sine200K
                0x0000000000000000       0x12 Process.o
 .rodata.TbaseOS
                0x0000000000000000       0x44 Process.o
 .rodata.TbaseSub
                0x0000000000000000       0x68 Process.o
 .rodata.TimeBase
                0x0000000000000000       0x2c Process.o
 .rodata.Triangle100K
                0x0000000000000000       0x24 Process.o
 .rodata.Triangle200K
                0x0000000000000000       0x12 Process.o
 .rodata.TrigDelayLoop
                0x0000000000000000       0x14 Process.o
 .rodata.Wait   0x0000000000000000       0x2c Process.o
 .rodata.Window
                0x0000000000000000      0x200 Process.o
 .rodata.shortwait
                0x0000000000000000       0x2c Process.o
 .comment       0x0000000000000000       0x7f Process.o
 .ARM.attributes
                0x0000000000000000       0x33 Process.o
 .text          0x0000000000000000       0x9e BIOS.o
 .data          0x0000000000000000        0x0 BIOS.o
 .bss           0x0000000000000000        0x0 BIOS.o
 .ARM.attributes
                0x0000000000000000       0x14 BIOS.o
 .text          0x0000000000000000        0x0 startup.o
 .data          0x0000000000000000        0x0 startup.o
 .bss           0x0000000000000000        0x0 startup.o
 .text.Default_Handler
                0x0000000000000000        0x4 startup.o
 .text.Reset_Handler
                0x0000000000000000       0x58 startup.o
 .text.__Init_Data
                0x0000000000000000       0x50 startup.o
 .isr_vectors   0x0000000000000000      0x130 startup.o
 .text          0x0000000000000000        0x0 stm32f10x_nvic.o
 .data          0x0000000000000000        0x0 stm32f10x_nvic.o
 .bss           0x0000000000000000        0x0 stm32f10x_nvic.o
 .text.NVIC_DeInit
                0x0000000000000000       0x68 stm32f10x_nvic.o
 .text.NVIC_SCBDeInit
                0x0000000000000000       0x34 stm32f10x_nvic.o
 .text.NVIC_PriorityGroupConfig
                0x0000000000000000       0x14 stm32f10x_nvic.o
 .text.NVIC_Init
                0x0000000000000000       0x78 stm32f10x_nvic.o
 .text.NVIC_StructInit
                0x0000000000000000        0x8 stm32f10x_nvic.o
 .text.NVIC_SETPRIMASK
                0x0000000000000000        0x4 stm32f10x_nvic.o
 .text.NVIC_RESETPRIMASK
                0x0000000000000000        0x4 stm32f10x_nvic.o
 .text.NVIC_SETFAULTMASK
                0x0000000000000000        0x4 stm32f10x_nvic.o
 .text.NVIC_RESETFAULTMASK
                0x0000000000000000        0x4 stm32f10x_nvic.o
 .text.NVIC_BASEPRICONFIG
                0x0000000000000000        0x8 stm32f10x_nvic.o
 .text.NVIC_GetBASEPRI
                0x0000000000000000        0x4 stm32f10x_nvic.o
 .text.NVIC_GetCurrentPendingIRQChannel
                0x0000000000000000       0x10 stm32f10x_nvic.o
 .text.NVIC_GetIRQChannelPendingBitStatus
                0x0000000000000000       0x24 stm32f10x_nvic.o
 .text.NVIC_SetIRQChannelPendingBit
                0x0000000000000000        0xc stm32f10x_nvic.o
 .text.NVIC_ClearIRQChannelPendingBit
                0x0000000000000000       0x1c stm32f10x_nvic.o
 .text.NVIC_GetCurrentActiveHandler
                0x0000000000000000       0x10 stm32f10x_nvic.o
 .text.NVIC_GetIRQChannelActiveBitStatus
                0x0000000000000000       0x24 stm32f10x_nvic.o
 .text.NVIC_GetCPUID
                0x0000000000000000        0xc stm32f10x_nvic.o
 .text.NVIC_SetVectorTable
                0x0000000000000000       0x14 stm32f10x_nvic.o
 .text.NVIC_GenerateSystemReset
                0x0000000000000000       0x10 stm32f10x_nvic.o
 .text.NVIC_GenerateCoreReset
                0x0000000000000000       0x10 stm32f10x_nvic.o
 .text.NVIC_SystemLPConfig
                0x0000000000000000       0x18 stm32f10x_nvic.o
 .text.NVIC_SystemHandlerConfig
                0x0000000000000000       0x20 stm32f10x_nvic.o
 .text.NVIC_SystemHandlerPriorityConfig
                0x0000000000000000       0x50 stm32f10x_nvic.o
 .text.NVIC_GetSystemHandlerPendingBitStatus
                0x0000000000000000       0x1c stm32f10x_nvic.o
 .text.NVIC_SetSystemHandlerPendingBit
                0x0000000000000000       0x18 stm32f10x_nvic.o
 .text.NVIC_ClearSystemHandlerPendingBit
                0x0000000000000000       0x18 stm32f10x_nvic.o
 .text.NVIC_GetSystemHandlerActiveBitStatus
                0x0000000000000000       0x1c stm32f10x_nvic.o
 .text.NVIC_GetFaultHandlerSources
                0x0000000000000000       0x30 stm32f10x_nvic.o
 .text.NVIC_GetFaultAddress
                0x0000000000000000       0x10 stm32f10x_nvic.o
 .comment       0x0000000000000000       0x7f stm32f10x_nvic.o
 .ARM.attributes
                0x0000000000000000       0x33 stm32f10x_nvic.o
 .text          0x0000000000000000       0x7a cortexm3_macro.o
 .data          0x0000000000000000        0x0 cortexm3_macro.o
 .bss           0x0000000000000000        0x0 cortexm3_macro.o
 .ARM.attributes
                0x0000000000000000       0x21 cortexm3_macro.o
 .text          0x0000000000000000        0x0 /usr/local/bin/../lib/gcc/arm-none-eabi/7.2.1/../../../../arm-none-eabi/lib/libc.a(lib_a-memcmp.o)
 .data          0x0000000000000000        0x0 /usr/local/bin/../lib/gcc/arm-none-eabi/7.2.1/../../../../arm-none-eabi/lib/libc.a(lib_a-memcmp.o)
 .bss           0x0000000000000000        0x0 /usr/local/bin/../lib/gcc/arm-none-eabi/7.2.1/../../../../arm-none-eabi/lib/libc.a(lib_a-memcmp.o)
 .text.memcmp   0x0000000000000000      0x104 /usr/local/bin/../lib/gcc/arm-none-eabi/7.2.1/../../../../arm-none-eabi/lib/libc.a(lib_a-memcmp.o)
 .debug_frame   0x0000000000000000       0x40 /usr/local/bin/../lib/gcc/arm-none-eabi/7.2.1/../../../../arm-none-eabi/lib/libc.a(lib_a-memcmp.o)
 .ARM.attributes
                0x0000000000000000       0x30 /usr/local/bin/../lib/gcc/arm-none-eabi/7.2.1/../../../../arm-none-eabi/lib/libc.a(lib_a-memcmp.o)
 .text          0x0000000000000000        0x0 /usr/local/bin/../lib/gcc/arm-none-eabi/7.2.1/../../../../arm-none-eabi/lib/libc.a(lib_a-memcpy-stub.o)
 .data          0x0000000000000000        0x0 /usr/local/bin/../lib/gcc/arm-none-eabi/7.2.1/../../../../arm-none-eabi/lib/libc.a(lib_a-memcpy-stub.o)
 .bss           0x0000000000000000        0x0 /usr/local/bin/../lib/gcc/arm-none-eabi/7.2.1/../../../../arm-none-eabi/lib/libc.a(lib_a-memcpy-stub.o)
 .text.memcpy   0x0000000000000000      0x110 /usr/local/bin/../lib/gcc/arm-none-eabi/7.2.1/../../../../arm-none-eabi/lib/libc.a(lib_a-memcpy-stub.o)
 .debug_frame   0x0000000000000000       0x34 /usr/local/bin/../lib/gcc/arm-none-eabi/7.2.1/../../../../arm-none-eabi/lib/libc.a(lib_a-memcpy-stub.o)
 .ARM.attributes
                0x0000000000000000       0x30 /usr/local/bin/../lib/gcc/arm-none-eabi/7.2.1/../../../../arm-none-eabi/lib/libc.a(lib_a-memcpy-stub.o)
 .text          0x0000000000000000        0x0 /usr/local/bin/../lib/gcc/arm-none-eabi/7.2.1/../../../../arm-none-eabi/lib/libc.a(lib_a-memmove.o)
 .data          0x0000000000000000        0x0 /usr/local/bin/../lib/gcc/arm-none-eabi/7.2.1/../../../../arm-none-eabi/lib/libc.a(lib_a-memmove.o)
 .bss           0x0000000000000000        0x0 /usr/local/bin/../lib/gcc/arm-none-eabi/7.2.1/../../../../arm-none-eabi/lib/libc.a(lib_a-memmove.o)
 .text.memmove  0x0000000000000000      0x140 /usr/local/bin/../lib/gcc/arm-none-eabi/7.2.1/../../../../arm-none-eabi/lib/libc.a(lib_a-memmove.o)
 .debug_frame   0x0000000000000000       0x34 /usr/local/bin/../lib/gcc/arm-none-eabi/7.2.1/../../../../arm-none-eabi/lib/libc.a(lib_a-memmove.o)
 .ARM.attributes
                0x0000000000000000       0x30 /usr/local/bin/../lib/gcc/arm-none-eabi/7.2.1/../../../../arm-none-eabi/lib/libc.a(lib_a-memmove.o)
 .text          0x0000000000000000        0x0 /usr/local/bin/../lib/gcc/arm-none-eabi/7.2.1/../../../../arm-none-eabi/lib/libc.a(lib_a-memset.o)
 .data          0x0000000000000000        0x0 /usr/local/bin/../lib/gcc/arm-none-eabi/7.2.1/../../../../arm-none-eabi/lib/libc.a(lib_a-memset.o)
 .bss           0x0000000000000000        0x0 /usr/local/bin/../lib/gcc/arm-none-eabi/7.2.1/../../../../arm-none-eabi/lib/libc.a(lib_a-memset.o)
 .text.memset   0x0000000000000000      0x114 /usr/local/bin/../lib/gcc/arm-none-eabi/7.2.1/../../../../arm-none-eabi/lib/libc.a(lib_a-memset.o)
 .debug_frame   0x0000000000000000       0x30 /usr/local/bin/../lib/gcc/arm-none-eabi/7.2.1/../../../../arm-none-eabi/lib/libc.a(lib_a-memset.o)
 .ARM.attributes
                0x0000000000000000       0x30 /usr/local/bin/../lib/gcc/arm-none-eabi/7.2.1/../../../../arm-none-eabi/lib/libc.a(lib_a-memset.o)
 .text          0x0000000000000000        0x0 /usr/local/bin/../lib/gcc/arm-none-eabi/7.2.1/../../../../arm-none-eabi/lib/libc.a(lib_a-strcpy.o)
 .data          0x0000000000000000        0x0 /usr/local/bin/../lib/gcc/arm-none-eabi/7.2.1/../../../../arm-none-eabi/lib/libc.a(lib_a-strcpy.o)
 .bss           0x0000000000000000        0x0 /usr/local/bin/../lib/gcc/arm-none-eabi/7.2.1/../../../../arm-none-eabi/lib/libc.a(lib_a-strcpy.o)
 .text.strcpy   0x0000000000000000       0xf0 /usr/local/bin/../lib/gcc/arm-none-eabi/7.2.1/../../../../arm-none-eabi/lib/libc.a(lib_a-strcpy.o)
 .debug_frame   0x0000000000000000       0x20 /usr/local/bin/../lib/gcc/arm-none-eabi/7.2.1/../../../../arm-none-eabi/lib/libc.a(lib_a-strcpy.o)
 .ARM.attributes
                0x0000000000000000       0x30 /usr/local/bin/../lib/gcc/arm-none-eabi/7.2.1/../../../../arm-none-eabi/lib/libc.a(lib_a-strcpy.o)

Memory Configuration

Name             Origin             Length             Attributes
rom              0x000000000800c000 0x0000000000010000 xr
spare            0x000000000802c000 0x0000000000014000 xr
extra            0x0000000008047000 0x0000000000010400 xr
ram              0x0000000020003000 0x0000000000010000 xrw
*default*        0x0000000000000000 0xffffffffffffffff

Linker script and memory map

LOAD Calibrat.o
LOAD Draw.o
LOAD Files.o
LOAD Function.o
LOAD Interrupt.o
LOAD Main.o
LOAD Menu.o
LOAD Process.o
LOAD BIOS.o
LOAD startup.o
LOAD stm32f10x_nvic.o
LOAD cortexm3_macro.o
LOAD /usr/local/bin/../lib/gcc/arm-none-eabi/7.2.1/../../../../arm-none-eabi/lib/libc.a
START GROUP
LOAD /usr/local/bin/../lib/gcc/arm-none-eabi/7.2.1/libgcc.a
LOAD /usr/local/bin/../lib/gcc/arm-none-eabi/7.2.1/../../../../arm-none-eabi/lib/libc.a
END GROUP
                0x000000002000f000                _estack = ((ORIGIN (ram) + LENGTH (ram)) - 0x4000)
                0x0000000000000000                . = 0x0

.bios
 BIOS.o()

.isr_vector     0x000000000800c000        0x0
                0x000000000800c000                _vectors = .
 *(.isr_vectors)
                0x000000000800c000                . = ALIGN (0x4)
 *(.text.startup)
 stm32f10x_nvic.o(.text)
 cortexm3_macro.o(.text)
 Function.o(.text)
 Calibrat.o(.text)
 Interrupt.o(.text)
 *(.rodata*)

.spare          0x000000000802c000        0x0
                0x000000000802c000                . = ALIGN (0x4)
 startup.o(.text)
 Draw.o(.text)
 Main.o(.text)
 Menu.o(.text)

.extra          0x0000000008047000        0x4
                0x0000000008047000                . = ALIGN (0x4)
 *(.text*)
 .text._init    0x0000000008047000        0x4 startup.o
                0x0000000008047000                _init

.text           0x000000000800c000        0x0
                0x000000000800c000                . = ALIGN (0x4)
                0x000000000800c000                _etext = .
                0x000000000800c000                _sidata = _etext

.glue_7         0x000000000800c000        0x0
 .glue_7        0x000000000800c000        0x0 linker stubs

.glue_7t        0x000000000800c000        0x0
 .glue_7t       0x000000000800c000        0x0 linker stubs

.vfp11_veneer   0x000000000800c000        0x0
 .vfp11_veneer  0x000000000800c000        0x0 linker stubs

.v4_bx          0x000000000800c000        0x0
 .v4_bx         0x000000000800c000        0x0 linker stubs

.data           0x0000000020003000        0x0 load address 0x000000000800c000
                0x0000000020003000                _sdata = .
 *(.data*)
                0x0000000020003000                . = ALIGN (0x4)
                0x0000000020003000                _edata = .

.bss            0x0000000020003000        0x0 load address 0x000000000800c000
                0x0000000020003000                _sbss = .
 *(.bss)
                0x0000000020003000                . = ALIGN (0x4)
                0x0000000020003000                _ebss = .
OUTPUT(app1.elf elf32-littlearm)

.comment        0x0000000000000000       0x7e
 .comment       0x0000000000000000       0x7e startup.o
                                         0x7f (size before relaxing)

.ARM.attributes
                0x0000000000000000       0x33
 .ARM.attributes
                0x0000000000000000       0x33 startup.o
